******************************************************************************
                  TI ARM Linker PC v18.1.1                     
******************************************************************************
>> Linked Fri Nov  8 19:12:37 2024

OUTPUT FILE NAME:   <I2C_Interrupt.out>
ENTRY POINT SYMBOL: "_c_int00"  address: 000044c0


MEMORY CONFIGURATION

         name            origin    length      used     unused   attr    fill
----------------------  --------  ---------  --------  --------  ----  --------
  VECTORS               00000000   00000020  00000020  00000000     X
  FLASH0                00000020   001fffe0  00004968  001fb678  R  X
  FLASH1                00200000   00200000  00000000  00200000  R  X
  STACKS                08000000   00001500  00000000  00001500  RW  
  RAM                   08001500   0007eb00  00000038  0007eac8  RW  


SEGMENT ALLOCATION MAP

run origin  load origin   length   init length attrs members
----------  ----------- ---------- ----------- ----- -------
00000000    00000000    00004748   00004748    r-x
  00000000    00000000    00000020   00000020    r-x .intvecs
  00000020    00000020    00004728   00004728    r-x .text
00004760    00004760    00000240   00000240    r--
  00004760    00004760    00000200   00000200    r-- .const
  00004960    00004960    00000040   00000040    r-- .cinit
08001500    08001500    00000038   00000000    rw-
  08001500    08001500    00000020   00000000    rw- .data
  08001520    08001520    00000018   00000000    rw- .bss


SECTION ALLOCATION MAP

 output                                  attributes/
section   page    origin      length       input sections
--------  ----  ----------  ----------   ----------------
.intvecs   0    00000000    00000020     
                  00000000    00000020     HL_sys_intvecs.obj (.intvecs)

.text      0    00000020    00004728     
                  00000020    000009d8     HL_i2c.obj (.text)
                  000009f8    000009c0     HL_pinmux.obj (.text)
                  000013b8    00000998     HL_system.obj (.text)
                  00001d50    00000938     HL_sys_vim.obj (.text)
                  00002688    0000078c     HL_esm.obj (.text)
                  00002e14    00000664     HL_errata_SSWF021_45.obj (.text)
                  00003478    000003c4     HL_sys_core.obj (.text)
                  0000383c    0000036c     HL_sys_mpu.obj (.text)
                  00003ba8    0000033c     HL_sys_vim.obj (.text:retain)
                  00003ee4    000001f4     HL_i2c.obj (.text:retain)
                  000040d8    00000180     rtsv7R4_A_be_v3D16_eabi.lib : memcpy32.asm.obj (.text)
                  00004258    00000178     HL_esm.obj (.text:retain)
                  000043d0    000000f0     HL_sys_main.obj (.text)
                  000044c0    000000d8     HL_sys_startup.obj (.text:retain)
                  00004598    00000090     rtsv7R4_A_be_v3D16_eabi.lib : copy_decompress_lzss.c.obj (.text:decompress:lzss:__TI_decompress_lzss)
                  00004628    00000074     HL_notification.obj (.text)
                  0000469c    00000068     rtsv7R4_A_be_v3D16_eabi.lib : autoinit.c.obj (.text:__TI_auto_init_nobinit_nopinit:__TI_auto_init_nobinit_nopinit)
                  00004704    00000020                                 : copy_zero_init.c.obj (.text:decompress:ZI:__TI_zero_init_nomemset:__TI_zero_init_nomemset)
                  00004724    00000014                                 : copy_decompress_none.c.obj (.text:decompress:none:__TI_decompress_none)
                  00004738    00000008                                 : exit.c.obj (.text:abort:abort)
                  00004740    00000004     HL_sys_startup.obj (.text)
                  00004744    00000004     HL_sys_phantom.obj (.text:retain)

.const     0    00004760    00000200     
                  00004760    00000200     HL_sys_vim.obj (.const:s_vim_init)

.cinit     0    00004960    00000040     
                  00004960    00000019     (.cinit..data.load) [load image, compression = lzss]
                  00004979    00000003     --HOLE-- [fill = 0]
                  0000497c    0000000c     (__TI_handler_table)
                  00004988    00000008     (.cinit..bss.load) [load image, compression = zero_init]
                  00004990    00000010     (__TI_cinit_table)

.data      0    08001500    00000020     UNINITIALIZED
                  08001500    00000010     HL_sys_main.obj (.data:RX_PACK)
                  08001510    00000010     HL_sys_main.obj (.data:TX_PACK)

.bss       0    08001520    00000018     UNINITIALIZED
                  08001520    00000018     HL_i2c.obj (.bss:g_i2cTransfer_t)

MODULE SUMMARY

       Module                       code    ro data   rw data
       ------                       ----    -------   -------
    .\source\
       HL_sys_vim.obj               3188    512       0      
       HL_i2c.obj                   3020    0         24     
       HL_pinmux.obj                2496    0         0      
       HL_system.obj                2456    0         0      
       HL_esm.obj                   2308    0         0      
       HL_errata_SSWF021_45.obj     1636    0         0      
       HL_sys_core.obj              964     0         0      
       HL_sys_mpu.obj               876     0         0      
       HL_sys_main.obj              240     0         32     
       HL_sys_startup.obj           220     0         0      
       HL_notification.obj          116     0         0      
       HL_sys_intvecs.obj           32      0         0      
       HL_sys_phantom.obj           4       0         0      
    +--+----------------------------+-------+---------+---------+
       Total:                       17556   512       56     
                                                             
    C:\ti\ccsv8\tools\compiler\ti-cgt-arm_18.1.1.LTS\lib\rtsv7R4_A_be_v3D16_eabi.lib
       memcpy32.asm.obj             384     0         0      
       copy_decompress_lzss.c.obj   144     0         0      
       autoinit.c.obj               104     0         0      
       copy_zero_init.c.obj         32      0         0      
       copy_decompress_none.c.obj   20      0         0      
       exit.c.obj                   8       0         0      
    +--+----------------------------+-------+---------+---------+
       Total:                       692     0         0      
                                                             
       Linker Generated:            0       61        0      
    +--+----------------------------+-------+---------+---------+
       Grand Total:                 18248   573       56     


LINKER GENERATED COPY TABLES

__TI_cinit_table @ 00004990 records: 2, size/record: 8, table size: 16
	.data: load addr=00004960, load size=00000019 bytes, run addr=08001500, run size=00000020 bytes, compression=lzss
	.bss: load addr=00004988, load size=00000008 bytes, run addr=08001520, run size=00000018 bytes, compression=zero_init


LINKER GENERATED HANDLER TABLE

__TI_handler_table @ 0000497c records: 3, size/record: 4, table size: 12
	index: 0, handler: __TI_zero_init
	index: 1, handler: __TI_decompress_lzss
	index: 2, handler: __TI_decompress_none


GLOBAL SYMBOLS: SORTED ALPHABETICALLY BY Name 

address   name                                
-------   ----                                
00004738  C$$EXIT                             
08001500  RX_PACK                             
UNDEFED   SHT$$INIT_ARRAY$$Base               
UNDEFED   SHT$$INIT_ARRAY$$Limit              
08001510  TX_PACK                             
00004990  __TI_CINIT_Base                     
000049a0  __TI_CINIT_Limit                    
0000497c  __TI_Handler_Table_Base             
00004988  __TI_Handler_Table_Limit            
00003834  __TI_PINIT_Base                     
00003838  __TI_PINIT_Limit                    
0000469c  __TI_auto_init_nobinit_nopinit      
00004598  __TI_decompress_lzss                
00004724  __TI_decompress_none                
ffffffff  __TI_pprof_out_hndl                 
ffffffff  __TI_prof_data_size                 
ffffffff  __TI_prof_data_start                
00000000  __TI_static_base__                  
00004704  __TI_zero_init_nomemset             
000040d8  __aeabi_memcpy                      
000040d8  __aeabi_memcpy4                     
000040d8  __aeabi_memcpy8                     
ffffffff  __binit__                           
ffffffff  __c_args__                          
000044c0  _c_int00                            
000037e8  _cacheDisable_                      
000037a4  _cacheEnable_                       
00003784  _checkMemInitOn_                    
00003690  _coreClearAuxiliaryDataFault_       
000036a4  _coreClearAuxiliaryInstructionFault_
00003668  _coreClearDataFaultAddress_         
00003640  _coreClearDataFault_                
0000367c  _coreClearInstructionFaultAddress_  
00003654  _coreClearInstructionFault_         
00003618  _coreDisableEventBusExport_         
00003608  _coreEnableEventBusExport_          
00003628  _coreEnableIrqVicOffset_            
000035f0  _coreEnableVfp_                     
00003688  _coreGetAuxiliaryDataFault_         
0000369c  _coreGetAuxiliaryInstructionFault_  
00003660  _coreGetDataFaultAddress_           
00003638  _coreGetDataFault_                  
00003674  _coreGetInstructionFaultAddress_    
0000364c  _coreGetInstructionFault_           
00003478  _coreInitRegisters_                 
00003584  _coreInitStackPointer_              
0000380c  _dCacheInvalidate_                  
000036b0  _disable_IRQ_interrupt_             
000036b8  _enable_IRQ_interrupt_              
000036c0  _enable_interrupt_                  
00002e14  _errata_SSWF021_45_both_plls        
00003008  _errata_SSWF021_45_pll1             
00003180  _errata_SSWF021_45_pll2             
000036c8  _esmCcmErrorsClear_                 
000035d0  _getCPSRValue_                      
000035d8  _gotoCPUIdle_                       
00003820  _iCacheInvalidate_                  
00003750  _memInit_                           
00003b50  _mpuAreRegionsSeparate_             
00003b34  _mpuDisableBackgroundRegion_        
00003b0c  _mpuDisable_                        
00003b24  _mpuEnableBackgroundRegion_         
00003af4  _mpuEnable_                         
00003b44  _mpuGetNumberOfRegions_             
00003b74  _mpuGetRegionBaseAddress_           
00003b94  _mpuGetRegionPermission_            
00003b88  _mpuGetRegionType_                  
00003b64  _mpuGetRegion_                      
0000383c  _mpuInit_                           
00003b6c  _mpuSetRegionBaseAddress_           
00003ba0  _mpuSetRegionSizeRegister_          
00003b7c  _mpuSetRegionTypeAndPermission_     
00003b5c  _mpuSetRegion_                      
UNDEFED   _system_post_cinit                  
00004738  abort                               
ffffffff  binit                               
00001ca8  customTrimLPO                       
00004660  dmaGroupANotification               
00004688  epcCAMFullNotification              
0000468c  epcFIFOFullNotification             
00002898  esmActivateNormalOperation          
000029e4  esmClearStatus                      
00002a48  esmClearStatusBuffer                
00002a24  esmClearStatusUpper                 
00002844  esmDisableError                     
0000286c  esmDisableErrorUpper                
000028ec  esmDisableInterrupt                 
00002914  esmDisableInterruptUpper            
00002800  esmEnableError                      
00002828  esmEnableErrorUpper                 
000028a8  esmEnableInterrupt                  
000028d0  esmEnableInterruptUpper             
00002b78  esmEnterSelfTest                    
000027e4  esmError                            
00002c50  esmGetConfigValue                   
00002a84  esmGetStatus                        
00002b50  esmGetStatusBuffer                  
00002b08  esmGetStatusUpper                   
00004628  esmGroup1Notification               
0000463c  esmGroup2Notification               
00004650  esmGroup3Notification               
00004258  esmHighInterrupt                    
00002688  esmInit                             
00002c00  esmSelfTestStatus                   
00002a64  esmSetCounterPreloadValue           
00002930  esmSetInterruptLevel                
000029a4  esmSetInterruptLevelUpper           
00002888  esmTriggerErrorPinReset             
00001750  getResetSource                      
00004740  handlePLLLockFail                   
0000072c  i2c1GetConfigValue                  
00000498  i2cClearSCD                         
000005f0  i2cDisableLoopback                  
00000678  i2cDisableNotification              
000005d0  i2cEnableLoopback                   
00000610  i2cEnableNotification               
00000020  i2cInit                             
00003ee4  i2cInterrupt                        
0000096c  i2cIsBusBusy                        
0000092c  i2cIsMasterReady                    
00000430  i2cIsRxReady                        
0000044c  i2cIsStopDetected                   
000002b8  i2cIsTxReady                        
00004674  i2cNotification                     
000004f8  i2cReceive                          
000004b4  i2cReceiveByte                      
00000468  i2cRxError                          
00000304  i2cSend                             
000002d4  i2cSendByte                         
00000158  i2cSetBaudrate                      
00000298  i2cSetCount                         
000008f4  i2cSetDirection                     
000006f4  i2cSetMode                          
00000118  i2cSetOwnAdd                        
00000138  i2cSetSlaveAdd                      
00000258  i2cSetStart                         
00000278  i2cSetStop                          
000043d0  main                                
00001580  mapClocks                           
000040d8  memcpy                              
000009f8  muxInit                             
000014cc  periphInit                          
00004744  phantomInterrupt                    
00000000  resetEntry                          
0000148c  setupFlash                          
000013b8  setupPLL                            
00001878  systemGetConfigValue                
000016ac  systemInit                          
00001720  systemPowerDown                     
00001418  trimLPO                             
00001e24  vimChannelMap                       
00002090  vimDisableInterrupt                 
00003ba8  vimECCErrorHandler                  
00001ec8  vimEnableInterrupt                  
0000213c  vimGetConfigValue                   
00001d50  vimInit                             


GLOBAL SYMBOLS: SORTED BY Symbol Address 

address   name                                
-------   ----                                
00000000  __TI_static_base__                  
00000000  resetEntry                          
00000020  i2cInit                             
00000118  i2cSetOwnAdd                        
00000138  i2cSetSlaveAdd                      
00000158  i2cSetBaudrate                      
00000258  i2cSetStart                         
00000278  i2cSetStop                          
00000298  i2cSetCount                         
000002b8  i2cIsTxReady                        
000002d4  i2cSendByte                         
00000304  i2cSend                             
00000430  i2cIsRxReady                        
0000044c  i2cIsStopDetected                   
00000468  i2cRxError                          
00000498  i2cClearSCD                         
000004b4  i2cReceiveByte                      
000004f8  i2cReceive                          
000005d0  i2cEnableLoopback                   
000005f0  i2cDisableLoopback                  
00000610  i2cEnableNotification               
00000678  i2cDisableNotification              
000006f4  i2cSetMode                          
0000072c  i2c1GetConfigValue                  
000008f4  i2cSetDirection                     
0000092c  i2cIsMasterReady                    
0000096c  i2cIsBusBusy                        
000009f8  muxInit                             
000013b8  setupPLL                            
00001418  trimLPO                             
0000148c  setupFlash                          
000014cc  periphInit                          
00001580  mapClocks                           
000016ac  systemInit                          
00001720  systemPowerDown                     
00001750  getResetSource                      
00001878  systemGetConfigValue                
00001ca8  customTrimLPO                       
00001d50  vimInit                             
00001e24  vimChannelMap                       
00001ec8  vimEnableInterrupt                  
00002090  vimDisableInterrupt                 
0000213c  vimGetConfigValue                   
00002688  esmInit                             
000027e4  esmError                            
00002800  esmEnableError                      
00002828  esmEnableErrorUpper                 
00002844  esmDisableError                     
0000286c  esmDisableErrorUpper                
00002888  esmTriggerErrorPinReset             
00002898  esmActivateNormalOperation          
000028a8  esmEnableInterrupt                  
000028d0  esmEnableInterruptUpper             
000028ec  esmDisableInterrupt                 
00002914  esmDisableInterruptUpper            
00002930  esmSetInterruptLevel                
000029a4  esmSetInterruptLevelUpper           
000029e4  esmClearStatus                      
00002a24  esmClearStatusUpper                 
00002a48  esmClearStatusBuffer                
00002a64  esmSetCounterPreloadValue           
00002a84  esmGetStatus                        
00002b08  esmGetStatusUpper                   
00002b50  esmGetStatusBuffer                  
00002b78  esmEnterSelfTest                    
00002c00  esmSelfTestStatus                   
00002c50  esmGetConfigValue                   
00002e14  _errata_SSWF021_45_both_plls        
00003008  _errata_SSWF021_45_pll1             
00003180  _errata_SSWF021_45_pll2             
00003478  _coreInitRegisters_                 
00003584  _coreInitStackPointer_              
000035d0  _getCPSRValue_                      
000035d8  _gotoCPUIdle_                       
000035f0  _coreEnableVfp_                     
00003608  _coreEnableEventBusExport_          
00003618  _coreDisableEventBusExport_         
00003628  _coreEnableIrqVicOffset_            
00003638  _coreGetDataFault_                  
00003640  _coreClearDataFault_                
0000364c  _coreGetInstructionFault_           
00003654  _coreClearInstructionFault_         
00003660  _coreGetDataFaultAddress_           
00003668  _coreClearDataFaultAddress_         
00003674  _coreGetInstructionFaultAddress_    
0000367c  _coreClearInstructionFaultAddress_  
00003688  _coreGetAuxiliaryDataFault_         
00003690  _coreClearAuxiliaryDataFault_       
0000369c  _coreGetAuxiliaryInstructionFault_  
000036a4  _coreClearAuxiliaryInstructionFault_
000036b0  _disable_IRQ_interrupt_             
000036b8  _enable_IRQ_interrupt_              
000036c0  _enable_interrupt_                  
000036c8  _esmCcmErrorsClear_                 
00003750  _memInit_                           
00003784  _checkMemInitOn_                    
000037a4  _cacheEnable_                       
000037e8  _cacheDisable_                      
0000380c  _dCacheInvalidate_                  
00003820  _iCacheInvalidate_                  
00003834  __TI_PINIT_Base                     
00003838  __TI_PINIT_Limit                    
0000383c  _mpuInit_                           
00003af4  _mpuEnable_                         
00003b0c  _mpuDisable_                        
00003b24  _mpuEnableBackgroundRegion_         
00003b34  _mpuDisableBackgroundRegion_        
00003b44  _mpuGetNumberOfRegions_             
00003b50  _mpuAreRegionsSeparate_             
00003b5c  _mpuSetRegion_                      
00003b64  _mpuGetRegion_                      
00003b6c  _mpuSetRegionBaseAddress_           
00003b74  _mpuGetRegionBaseAddress_           
00003b7c  _mpuSetRegionTypeAndPermission_     
00003b88  _mpuGetRegionType_                  
00003b94  _mpuGetRegionPermission_            
00003ba0  _mpuSetRegionSizeRegister_          
00003ba8  vimECCErrorHandler                  
00003ee4  i2cInterrupt                        
000040d8  __aeabi_memcpy                      
000040d8  __aeabi_memcpy4                     
000040d8  __aeabi_memcpy8                     
000040d8  memcpy                              
00004258  esmHighInterrupt                    
000043d0  main                                
000044c0  _c_int00                            
00004598  __TI_decompress_lzss                
00004628  esmGroup1Notification               
0000463c  esmGroup2Notification               
00004650  esmGroup3Notification               
00004660  dmaGroupANotification               
00004674  i2cNotification                     
00004688  epcCAMFullNotification              
0000468c  epcFIFOFullNotification             
0000469c  __TI_auto_init_nobinit_nopinit      
00004704  __TI_zero_init_nomemset             
00004724  __TI_decompress_none                
00004738  C$$EXIT                             
00004738  abort                               
00004740  handlePLLLockFail                   
00004744  phantomInterrupt                    
0000497c  __TI_Handler_Table_Base             
00004988  __TI_Handler_Table_Limit            
00004990  __TI_CINIT_Base                     
000049a0  __TI_CINIT_Limit                    
08001500  RX_PACK                             
08001510  TX_PACK                             
ffffffff  __TI_pprof_out_hndl                 
ffffffff  __TI_prof_data_size                 
ffffffff  __TI_prof_data_start                
ffffffff  __binit__                           
ffffffff  __c_args__                          
ffffffff  binit                               
UNDEFED   SHT$$INIT_ARRAY$$Base               
UNDEFED   SHT$$INIT_ARRAY$$Limit              
UNDEFED   _system_post_cinit                  

[156 symbols]
