******************************************************************************
                  TI ARM Linker PC v18.1.1                     
******************************************************************************
>> Linked Fri Nov  8 19:36:10 2024

OUTPUT FILE NAME:   <CAN_Loopback.out>
ENTRY POINT SYMBOL: "_c_int00"  address: 00005158


MEMORY CONFIGURATION

         name            origin    length      used     unused   attr    fill
----------------------  --------  ---------  --------  --------  ----  --------
  VECTORS               00000000   00000020  00000020  00000000     X
  FLASH0                00000020   001fffe0  00005624  001fa9bc  R  X
  FLASH1                00200000   00200000  00000000  00200000  R  X
  STACKS                08000000   00001500  00000000  00001500  RW  
  RAM                   08001500   0007eb00  00000040  0007eac0  RW  


SEGMENT ALLOCATION MAP

run origin  load origin   length   init length attrs members
----------  ----------- ---------- ----------- ----- -------
00000000    00000000    000053e8   000053e8    r-x
  00000000    00000000    00000020   00000020    r-x .intvecs
  00000020    00000020    000053c8   000053c8    r-x .text
00005400    00005400    0000025c   0000025c    r--
  00005400    00005400    00000220   00000220    r-- .const
  00005620    00005620    0000003c   0000003c    r-- .cinit
08001500    08001500    00000040   00000000    rw-
  08001500    08001500    00000040   00000000    rw- .data


SECTION ALLOCATION MAP

 output                                  attributes/
section   page    origin      length       input sections
--------  ----  ----------  ----------   ----------------
.intvecs   0    00000000    00000020     
                  00000000    00000020     HL_sys_intvecs.obj (.intvecs)

.text      0    00000020    000053c8     
                  00000020    000013f4     HL_can.obj (.text)
                  00001414    000009c0     HL_pinmux.obj (.text)
                  00001dd4    00000998     HL_system.obj (.text)
                  0000276c    0000093c     HL_sys_vim.obj (.text)
                  000030a8    0000078c     HL_esm.obj (.text)
                  00003834    00000664     HL_errata_SSWF021_45.obj (.text)
                  00003e98    00000400     HL_can.obj (.text:retain)
                  00004298    000003c4     HL_sys_core.obj (.text)
                  0000465c    0000036c     HL_sys_mpu.obj (.text)
                  000049c8    0000033c     HL_sys_vim.obj (.text:retain)
                  00004d04    00000180     rtsv7R4_A_be_v3D16_eabi.lib : memcpy32.asm.obj (.text)
                  00004e84    00000178     HL_esm.obj (.text:retain)
                  00004ffc    0000015c     HL_sys_main.obj (.text)
                  00005158    000000d8     HL_sys_startup.obj (.text:retain)
                  00005230    0000009c     HL_notification.obj (.text)
                  000052cc    00000090     rtsv7R4_A_be_v3D16_eabi.lib : copy_decompress_lzss.c.obj (.text:decompress:lzss:__TI_decompress_lzss)
                  0000535c    00000068                                 : autoinit.c.obj (.text:__TI_auto_init_nobinit_nopinit:__TI_auto_init_nobinit_nopinit)
                  000053c4    00000014                                 : copy_decompress_none.c.obj (.text:decompress:none:__TI_decompress_none)
                  000053d8    00000008                                 : exit.c.obj (.text:abort:abort)
                  000053e0    00000004     HL_sys_startup.obj (.text)
                  000053e4    00000004     HL_sys_phantom.obj (.text:retain)

.const     0    00005400    00000220     
                  00005400    00000200     HL_sys_vim.obj (.const:s_vim_init)
                  00005600    00000020     HL_can.obj (.const:s_canByteOrder)

.cinit     0    00005620    0000003c     
                  00005620    0000002c     (.cinit..data.load) [load image, compression = lzss]
                  0000564c    00000008     (__TI_handler_table)
                  00005654    00000008     (__TI_cinit_table)

.data      0    08001500    00000040     UNINITIALIZED
                  08001500    00000008     HL_sys_main.obj (.data:rx_data1)
                  08001508    00000008     HL_sys_main.obj (.data:rx_data2)
                  08001510    00000008     HL_sys_main.obj (.data:rx_data3)
                  08001518    00000008     HL_sys_main.obj (.data:rx_data4)
                  08001520    00000008     HL_sys_main.obj (.data:tx_data1)
                  08001528    00000008     HL_sys_main.obj (.data:tx_data2)
                  08001530    00000008     HL_sys_main.obj (.data:tx_data3)
                  08001538    00000008     HL_sys_main.obj (.data:tx_data4)

MODULE SUMMARY

       Module                       code    ro data   rw data
       ------                       ----    -------   -------
    .\source\
       HL_can.obj                   6132    32        0      
       HL_sys_vim.obj               3192    512       0      
       HL_pinmux.obj                2496    0         0      
       HL_system.obj                2456    0         0      
       HL_esm.obj                   2308    0         0      
       HL_errata_SSWF021_45.obj     1636    0         0      
       HL_sys_core.obj              964     0         0      
       HL_sys_mpu.obj               876     0         0      
       HL_sys_main.obj              348     0         64     
       HL_sys_startup.obj           220     0         0      
       HL_notification.obj          156     0         0      
       HL_sys_intvecs.obj           32      0         0      
       HL_sys_phantom.obj           4       0         0      
    +--+----------------------------+-------+---------+---------+
       Total:                       20820   544       64     
                                                             
    C:\ti\ccsv8\tools\compiler\ti-cgt-arm_18.1.1.LTS\lib\rtsv7R4_A_be_v3D16_eabi.lib
       memcpy32.asm.obj             384     0         0      
       copy_decompress_lzss.c.obj   144     0         0      
       autoinit.c.obj               104     0         0      
       copy_decompress_none.c.obj   20      0         0      
       exit.c.obj                   8       0         0      
    +--+----------------------------+-------+---------+---------+
       Total:                       660     0         0      
                                                             
       Linker Generated:            0       60        0      
    +--+----------------------------+-------+---------+---------+
       Grand Total:                 21480   604       64     


LINKER GENERATED COPY TABLES

__TI_cinit_table @ 00005654 records: 1, size/record: 8, table size: 8
	.data: load addr=00005620, load size=0000002c bytes, run addr=08001500, run size=00000040 bytes, compression=lzss


LINKER GENERATED HANDLER TABLE

__TI_handler_table @ 0000564c records: 2, size/record: 4, table size: 8
	index: 0, handler: __TI_decompress_lzss
	index: 1, handler: __TI_decompress_none


GLOBAL SYMBOLS: SORTED ALPHABETICALLY BY Name 

address   name                                
-------   ----                                
000053d8  C$$EXIT                             
UNDEFED   SHT$$INIT_ARRAY$$Base               
UNDEFED   SHT$$INIT_ARRAY$$Limit              
00005654  __TI_CINIT_Base                     
0000565c  __TI_CINIT_Limit                    
0000564c  __TI_Handler_Table_Base             
00005654  __TI_Handler_Table_Limit            
00004654  __TI_PINIT_Base                     
00004658  __TI_PINIT_Limit                    
0000535c  __TI_auto_init_nobinit_nopinit      
000052cc  __TI_decompress_lzss                
000053c4  __TI_decompress_none                
ffffffff  __TI_pprof_out_hndl                 
ffffffff  __TI_prof_data_size                 
ffffffff  __TI_prof_data_start                
00000000  __TI_static_base__                  
00004d04  __aeabi_memcpy                      
00004d04  __aeabi_memcpy4                     
00004d04  __aeabi_memcpy8                     
ffffffff  __binit__                           
ffffffff  __c_args__                          
00005158  _c_int00                            
00004608  _cacheDisable_                      
000045c4  _cacheEnable_                       
000045a4  _checkMemInitOn_                    
000044b0  _coreClearAuxiliaryDataFault_       
000044c4  _coreClearAuxiliaryInstructionFault_
00004488  _coreClearDataFaultAddress_         
00004460  _coreClearDataFault_                
0000449c  _coreClearInstructionFaultAddress_  
00004474  _coreClearInstructionFault_         
00004438  _coreDisableEventBusExport_         
00004428  _coreEnableEventBusExport_          
00004448  _coreEnableIrqVicOffset_            
00004410  _coreEnableVfp_                     
000044a8  _coreGetAuxiliaryDataFault_         
000044bc  _coreGetAuxiliaryInstructionFault_  
00004480  _coreGetDataFaultAddress_           
00004458  _coreGetDataFault_                  
00004494  _coreGetInstructionFaultAddress_    
0000446c  _coreGetInstructionFault_           
00004298  _coreInitRegisters_                 
000043a4  _coreInitStackPointer_              
0000462c  _dCacheInvalidate_                  
000044d0  _disable_IRQ_interrupt_             
000044d8  _enable_IRQ_interrupt_              
000044e0  _enable_interrupt_                  
00003834  _errata_SSWF021_45_both_plls        
00003a28  _errata_SSWF021_45_pll1             
00003ba0  _errata_SSWF021_45_pll2             
000044e8  _esmCcmErrorsClear_                 
000043f0  _getCPSRValue_                      
000043f8  _gotoCPUIdle_                       
00004640  _iCacheInvalidate_                  
00004570  _memInit_                           
00004970  _mpuAreRegionsSeparate_             
00004954  _mpuDisableBackgroundRegion_        
0000492c  _mpuDisable_                        
00004944  _mpuEnableBackgroundRegion_         
00004914  _mpuEnable_                         
00004964  _mpuGetNumberOfRegions_             
00004994  _mpuGetRegionBaseAddress_           
000049b4  _mpuGetRegionPermission_            
000049a8  _mpuGetRegionType_                  
00004984  _mpuGetRegion_                      
0000465c  _mpuInit_                           
0000498c  _mpuSetRegionBaseAddress_           
000049c0  _mpuSetRegionSizeRegister_          
0000499c  _mpuSetRegionTypeAndPermission_     
0000497c  _mpuSetRegion_                      
UNDEFED   _system_post_cinit                  
000053d8  abort                               
ffffffff  binit                               
00000d30  can1GetConfigValue                  
00003e98  can1HighLevelInterrupt              
00000e88  can2GetConfigValue                  
00003f80  can2HighLevelInterrupt              
0000104c  can3GetConfigValue                  
00004068  can3HighLevelInterrupt              
00001220  can4GetConfigValue                  
00004150  can4HighLevelInterrupt              
00000bd0  canDisableErrorNotification         
00000bb0  canDisableStatusChangeNotification  
00000c28  canDisableloopback                  
00000b70  canEnableErrorNotification          
00000b90  canEnableStatusChangeNotification   
00000bf0  canEnableloopback                   
0000527c  canErrorNotification                
00000918  canFillMessageObjectData            
00000640  canGetData                          
00000b4c  canGetErrorLevel                    
00000798  canGetID                            
00000b28  canGetLastError                     
00000020  canInit                             
00000d14  canIoRxGetBit                       
00000c58  canIoSetDirection                   
00000ca8  canIoSetPort                        
00000cf8  canIoTxGetBit                       
00000acc  canIsMessageBoxValid                
00000a70  canIsRxMessageArrived               
00000a14  canIsTxMessagePending               
0000509c  canMessageNotification              
00000878  canSendRemoteFrame                  
00005290  canStatusChangeNotification         
00000544  canTransmit                         
00000800  canUpdateID                         
000026c4  customTrimLPO                       
00005268  dmaGroupANotification               
000052b8  epcCAMFullNotification              
000052bc  epcFIFOFullNotification             
000032b8  esmActivateNormalOperation          
00003404  esmClearStatus                      
00003468  esmClearStatusBuffer                
00003444  esmClearStatusUpper                 
00003264  esmDisableError                     
0000328c  esmDisableErrorUpper                
0000330c  esmDisableInterrupt                 
00003334  esmDisableInterruptUpper            
00003220  esmEnableError                      
00003248  esmEnableErrorUpper                 
000032c8  esmEnableInterrupt                  
000032f0  esmEnableInterruptUpper             
00003598  esmEnterSelfTest                    
00003204  esmError                            
00003670  esmGetConfigValue                   
000034a4  esmGetStatus                        
00003570  esmGetStatusBuffer                  
00003528  esmGetStatusUpper                   
00005230  esmGroup1Notification               
00005244  esmGroup2Notification               
00005258  esmGroup3Notification               
00004e84  esmHighInterrupt                    
000030a8  esmInit                             
00003620  esmSelfTestStatus                   
00003484  esmSetCounterPreloadValue           
00003350  esmSetInterruptLevel                
000033c4  esmSetInterruptLevelUpper           
000032a8  esmTriggerErrorPinReset             
0000216c  getResetSource                      
000053e0  handlePLLLockFail                   
00004ffc  main                                
00001f9c  mapClocks                           
00004d04  memcpy                              
00001414  muxInit                             
00001ee8  periphInit                          
000053e4  phantomInterrupt                    
00000000  resetEntry                          
08001500  rx_data1                            
08001508  rx_data2                            
08001510  rx_data3                            
08001518  rx_data4                            
00001ea8  setupFlash                          
00001dd4  setupPLL                            
00002294  systemGetConfigValue                
000020c8  systemInit                          
0000213c  systemPowerDown                     
00001e34  trimLPO                             
08001520  tx_data1                            
08001528  tx_data2                            
08001530  tx_data3                            
08001538  tx_data4                            
00002840  vimChannelMap                       
00002aac  vimDisableInterrupt                 
000049c8  vimECCErrorHandler                  
000028e4  vimEnableInterrupt                  
00002b58  vimGetConfigValue                   
0000276c  vimInit                             


GLOBAL SYMBOLS: SORTED BY Symbol Address 

address   name                                
-------   ----                                
00000000  __TI_static_base__                  
00000000  resetEntry                          
00000020  canInit                             
00000544  canTransmit                         
00000640  canGetData                          
00000798  canGetID                            
00000800  canUpdateID                         
00000878  canSendRemoteFrame                  
00000918  canFillMessageObjectData            
00000a14  canIsTxMessagePending               
00000a70  canIsRxMessageArrived               
00000acc  canIsMessageBoxValid                
00000b28  canGetLastError                     
00000b4c  canGetErrorLevel                    
00000b70  canEnableErrorNotification          
00000b90  canEnableStatusChangeNotification   
00000bb0  canDisableStatusChangeNotification  
00000bd0  canDisableErrorNotification         
00000bf0  canEnableloopback                   
00000c28  canDisableloopback                  
00000c58  canIoSetDirection                   
00000ca8  canIoSetPort                        
00000cf8  canIoTxGetBit                       
00000d14  canIoRxGetBit                       
00000d30  can1GetConfigValue                  
00000e88  can2GetConfigValue                  
0000104c  can3GetConfigValue                  
00001220  can4GetConfigValue                  
00001414  muxInit                             
00001dd4  setupPLL                            
00001e34  trimLPO                             
00001ea8  setupFlash                          
00001ee8  periphInit                          
00001f9c  mapClocks                           
000020c8  systemInit                          
0000213c  systemPowerDown                     
0000216c  getResetSource                      
00002294  systemGetConfigValue                
000026c4  customTrimLPO                       
0000276c  vimInit                             
00002840  vimChannelMap                       
000028e4  vimEnableInterrupt                  
00002aac  vimDisableInterrupt                 
00002b58  vimGetConfigValue                   
000030a8  esmInit                             
00003204  esmError                            
00003220  esmEnableError                      
00003248  esmEnableErrorUpper                 
00003264  esmDisableError                     
0000328c  esmDisableErrorUpper                
000032a8  esmTriggerErrorPinReset             
000032b8  esmActivateNormalOperation          
000032c8  esmEnableInterrupt                  
000032f0  esmEnableInterruptUpper             
0000330c  esmDisableInterrupt                 
00003334  esmDisableInterruptUpper            
00003350  esmSetInterruptLevel                
000033c4  esmSetInterruptLevelUpper           
00003404  esmClearStatus                      
00003444  esmClearStatusUpper                 
00003468  esmClearStatusBuffer                
00003484  esmSetCounterPreloadValue           
000034a4  esmGetStatus                        
00003528  esmGetStatusUpper                   
00003570  esmGetStatusBuffer                  
00003598  esmEnterSelfTest                    
00003620  esmSelfTestStatus                   
00003670  esmGetConfigValue                   
00003834  _errata_SSWF021_45_both_plls        
00003a28  _errata_SSWF021_45_pll1             
00003ba0  _errata_SSWF021_45_pll2             
00003e98  can1HighLevelInterrupt              
00003f80  can2HighLevelInterrupt              
00004068  can3HighLevelInterrupt              
00004150  can4HighLevelInterrupt              
00004298  _coreInitRegisters_                 
000043a4  _coreInitStackPointer_              
000043f0  _getCPSRValue_                      
000043f8  _gotoCPUIdle_                       
00004410  _coreEnableVfp_                     
00004428  _coreEnableEventBusExport_          
00004438  _coreDisableEventBusExport_         
00004448  _coreEnableIrqVicOffset_            
00004458  _coreGetDataFault_                  
00004460  _coreClearDataFault_                
0000446c  _coreGetInstructionFault_           
00004474  _coreClearInstructionFault_         
00004480  _coreGetDataFaultAddress_           
00004488  _coreClearDataFaultAddress_         
00004494  _coreGetInstructionFaultAddress_    
0000449c  _coreClearInstructionFaultAddress_  
000044a8  _coreGetAuxiliaryDataFault_         
000044b0  _coreClearAuxiliaryDataFault_       
000044bc  _coreGetAuxiliaryInstructionFault_  
000044c4  _coreClearAuxiliaryInstructionFault_
000044d0  _disable_IRQ_interrupt_             
000044d8  _enable_IRQ_interrupt_              
000044e0  _enable_interrupt_                  
000044e8  _esmCcmErrorsClear_                 
00004570  _memInit_                           
000045a4  _checkMemInitOn_                    
000045c4  _cacheEnable_                       
00004608  _cacheDisable_                      
0000462c  _dCacheInvalidate_                  
00004640  _iCacheInvalidate_                  
00004654  __TI_PINIT_Base                     
00004658  __TI_PINIT_Limit                    
0000465c  _mpuInit_                           
00004914  _mpuEnable_                         
0000492c  _mpuDisable_                        
00004944  _mpuEnableBackgroundRegion_         
00004954  _mpuDisableBackgroundRegion_        
00004964  _mpuGetNumberOfRegions_             
00004970  _mpuAreRegionsSeparate_             
0000497c  _mpuSetRegion_                      
00004984  _mpuGetRegion_                      
0000498c  _mpuSetRegionBaseAddress_           
00004994  _mpuGetRegionBaseAddress_           
0000499c  _mpuSetRegionTypeAndPermission_     
000049a8  _mpuGetRegionType_                  
000049b4  _mpuGetRegionPermission_            
000049c0  _mpuSetRegionSizeRegister_          
000049c8  vimECCErrorHandler                  
00004d04  __aeabi_memcpy                      
00004d04  __aeabi_memcpy4                     
00004d04  __aeabi_memcpy8                     
00004d04  memcpy                              
00004e84  esmHighInterrupt                    
00004ffc  main                                
0000509c  canMessageNotification              
00005158  _c_int00                            
00005230  esmGroup1Notification               
00005244  esmGroup2Notification               
00005258  esmGroup3Notification               
00005268  dmaGroupANotification               
0000527c  canErrorNotification                
00005290  canStatusChangeNotification         
000052b8  epcCAMFullNotification              
000052bc  epcFIFOFullNotification             
000052cc  __TI_decompress_lzss                
0000535c  __TI_auto_init_nobinit_nopinit      
000053c4  __TI_decompress_none                
000053d8  C$$EXIT                             
000053d8  abort                               
000053e0  handlePLLLockFail                   
000053e4  phantomInterrupt                    
0000564c  __TI_Handler_Table_Base             
00005654  __TI_CINIT_Base                     
00005654  __TI_Handler_Table_Limit            
0000565c  __TI_CINIT_Limit                    
08001500  rx_data1                            
08001508  rx_data2                            
08001510  rx_data3                            
08001518  rx_data4                            
08001520  tx_data1                            
08001528  tx_data2                            
08001530  tx_data3                            
08001538  tx_data4                            
ffffffff  __TI_pprof_out_hndl                 
ffffffff  __TI_prof_data_size                 
ffffffff  __TI_prof_data_start                
ffffffff  __binit__                           
ffffffff  __c_args__                          
ffffffff  binit                               
UNDEFED   SHT$$INIT_ARRAY$$Base               
UNDEFED   SHT$$INIT_ARRAY$$Limit              
UNDEFED   _system_post_cinit                  

[167 symbols]
